Posted 6 clusters and 0 events.
Posted 4 clusters and 0 events.
Posted 6 clusters and 0 events.
Posted 0 clusters and 0 events.
Posted 7 clusters and 1 event.
Posted 4 clusters and 0 events.
Posted 6 clusters and 0 events.
Posted 3 clusters and 0 events.
Posted 3 clusters and 0 events.
Posted 4 clusters and 0 events.
Posted 3 clusters and 0 events.
Posted 3 clusters, 0 events.
Posted 1 cluster, 0 events.
Posted 1 cluster, 0 events.
Posted 0 clusters and 0 events.
Posted 0 clusters and 0 events.
Posted 3 clusters and 0 events.
Posted 3 clusters and 0 events.
Posted 0 clusters and 0 events.
Posted **3 clusters** and **0 events**.
Posted 2 clusters and 1 event.
Posted 1 cluster, 0 events.
Posted 0 clusters and 0 events.
Posted 0 clusters and 0 events.
Posted 2 clusters, 0 events.
Posted 2 clusters and 0 events.
Posted 2 clusters and 0 events.
Posted 1 cluster, 0 events.
Posted 4 clusters and 0 events.
Posted 3 clusters and 0 events.
Posted 6 clusters, 0 events.
Posted 5 clusters and 0 events.
Posted 4 clusters and 0 events.
Posted 2 clusters and 0 events.
Posted 2 clusters, 0 events.
3 clusters posted, 0 events.
Posted 6 clusters and 0 events.
Posted 5 clusters and 0 events.
Posted 3 clusters and 2 events.
Posted 5 clusters and 0 events.
Posted 4 clusters and 0 events.
Posted 2 clusters and 0 events.
Posted 4 clusters and 0 events.
Posted 5 clusters and 0 events.
Posted 3 clusters and 0 events.
Posted 8 clusters, 0 events.
Posted 7 clusters and 0 calendar events.
Posted 3 clusters and 1 event.
Posted 5 clusters and 0 events.
Posted 1 cluster and 0 events.
Posted 9 clusters and 0 events.
Posted 5 clusters and 1 event.
Posted 1 cluster, 0 events.
9 clusters posted, 0 events.
Posted 10 clusters and 0 events.
Posted 7 clusters and 0 events.
Posted 4 clusters and 0 events.
Posted 7 clusters and 0 events.
Posted 5 clusters and 0 events.
Posted 23 clusters and 1 event (CJP protest scheduled for September 5).
